// Jest Snapshot v1, https://goo.gl/fbAQLP

exports[`matches snapshot 1`] = `
<div>
  <div
    className="panel panel-default"
  >
    <div
      className="panel-body"
    >
      Poor Fellow! Always in trouble...
      <div
        id="state"
      >
        game state 
        2/11
      </div>
    </div>
  </div>
</div>
`;
